// Jest Snapshot v1, https://goo.gl/fbAQLP

exports[`Participant List renders the UI as expected 1`] = `
<section
  className="participant-list"
>
  <div
    className="participant-container"
  >
    <div
      className="left small"
    >
      <img
        alt="avatar"
        src="https://robohash.org/itaquevoluptatumrerum.jpg?size=200x200&set=set1"
      />
    </div>
    <div
      className="right"
    >
      <div>
        Koren Templeton
      </div>
      <div>
        on stage
      </div>
    </div>
  </div>
  <div
    className="participant-container"
  >
    <div
      className="left small"
    >
      <img
        alt="avatar"
        src="https://robohash.org/doloredolorescupiditate.jpg?size=200x200&set=set1"
      />
    </div>
    <div
      className="right"
    >
      <div>
        Caty Flucker
      </div>
      <div>
        in session
      </div>
    </div>
  </div>
  <div
    className="participant-container"
  >
    <div
      className="left small"
    >
      <img
        alt="avatar"
        src="https://robohash.org/etexercitationemassumenda.jpg?size=200x200&set=set1"
      />
    </div>
    <div
      className="right"
    >
      <div>
        Frank Runciman
      </div>
      <div>
        in session
      </div>
    </div>
  </div>
  <div
    className="participant-container"
  >
    <div
      className="left small"
    >
      <img
        alt="avatar"
        src="https://robohash.org/iustodoloremqueinventore.jpg?size=200x200&set=set1"
      />
    </div>
    <div
      className="right"
    >
      <div>
        Ashla Attwool
      </div>
      <div>
        on stage
      </div>
    </div>
  </div>
</section>
`;
